// Vitest Snapshot v1, https://vitest.dev/guide/snapshot.html

exports[`default 1`] = `
"{
  "files": [
    "lib/",
    "README.md",
    "LICENSE"
  ]
}
"
`;

exports[`negations 1`] = `
"{
  "files": [
    "/development/",
    "!/development/test/",
    "/directives/",
    "/lit-html.d.ts",
    "/lit-html.d.ts.map",
    "/lit-html.js",
    "/lit-html.js.map",
    "/parts.d.ts",
    "/parts.d.ts.map",
    "/parts.js",
    "/parts.js.map",
    "/src/",
    "!/src/test/"
  ]
}
"
`;
